2026-09-26 15:51:33,192 INFO     START source=jnu_events run_id=d9706af3 url=https://www.jnu.ac.in/jnuevents capabilities=listing,pagination,detail
2026-09-26 15:51:33,467 INFO     FETCH url=https://www.jnu.ac.in/jnuevents status=200 duration_ms=274
2026-09-26 15:51:33,521 INFO     PARSE source=jnu_events page=1 url=https://www.jnu.ac.in/jnuevents records=13
2026-09-26 15:51:33,521 INFO     PAGINATION source=jnu_events pages=1 records=13 duplicates=0 stop=max_pages
2026-09-26 15:51:34,644 INFO     FETCH url=https://www.jnu.ac.in/node/159898390 status=200 duration_ms=171
2026-09-26 15:51:35,830 INFO     FETCH url=https://www.jnu.ac.in/node/159898442 status=200 duration_ms=180
2026-09-26 15:51:37,031 INFO     FETCH url=https://www.jnu.ac.in/node/159898416 status=200 duration_ms=195
2026-09-26 15:51:38,226 INFO     FETCH url=https://www.jnu.ac.in/node/159898439 status=200 duration_ms=189
2026-09-26 15:51:39,448 INFO     FETCH url=https://www.jnu.ac.in/node/159898419 status=200 duration_ms=217
2026-09-26 15:51:39,471 INFO     DETAIL source=jnu_events attempted=5 ok=5 failed=0
2026-09-26 15:51:39,472 INFO     NORMALIZE source=jnu_events records=13 skipped=0
2026-09-26 15:51:39,477 INFO     STORE source=jnu_events new=13 existing=0 changed=0
2026-09-26 15:51:39,478 INFO     END source=jnu_events run_id=d9706af3 status=success duration_ms=6284
2026-09-26 15:51:39,688 INFO     START source=jnu_events_archive run_id=06eb75ae url=https://www.jnu.ac.in/events-archive capabilities=listing,pagination,detail
2026-09-26 15:51:39,988 INFO     FETCH url=https://www.jnu.ac.in/events-archive status=200 duration_ms=299
2026-09-26 15:51:40,042 INFO     PARSE source=jnu_events_archive page=1 url=https://www.jnu.ac.in/events-archive records=29
2026-09-26 15:51:41,181 INFO     FETCH url=https://www.jnu.ac.in/events-archive?page=1 status=200 duration_ms=188
2026-09-26 15:51:41,214 INFO     PARSE source=jnu_events_archive page=2 url=https://www.jnu.ac.in/events-archive?page=1 records=29
2026-09-26 15:51:41,215 INFO     PAGINATION source=jnu_events_archive pages=2 records=58 duplicates=0 stop=max_pages
2026-09-26 15:51:42,419 INFO     FETCH url=https://www.jnu.ac.in/node/159898436 status=200 duration_ms=232
2026-09-26 15:51:43,610 INFO     FETCH url=https://www.jnu.ac.in/node/159898313 status=200 duration_ms=186
2026-09-26 15:51:44,787 INFO     FETCH url=https://www.jnu.ac.in/node/159898437 status=200 duration_ms=171
2026-09-26 15:51:44,805 INFO     DETAIL source=jnu_events_archive attempted=3 ok=3 failed=0
2026-09-26 15:51:44,807 INFO     NORMALIZE source=jnu_events_archive records=58 skipped=0
2026-09-26 15:51:44,811 INFO     STORE source=jnu_events_archive new=58 existing=0 changed=0
2026-09-26 15:51:44,812 INFO     END source=jnu_events_archive run_id=06eb75ae status=success duration_ms=5122
2026-09-26 15:51:45,211 INFO     START source=jnu_events run_id=c2c10468 url=https://www.jnu.ac.in/jnuevents capabilities=listing,pagination,detail
2026-09-26 15:51:45,441 INFO     FETCH url=https://www.jnu.ac.in/jnuevents status=200 duration_ms=229
2026-09-26 15:51:45,492 INFO     PARSE source=jnu_events page=1 url=https://www.jnu.ac.in/jnuevents records=13
2026-09-26 15:51:45,492 INFO     PAGINATION source=jnu_events pages=1 records=13 duplicates=0 stop=max_pages
2026-09-26 15:51:46,641 INFO     FETCH url=https://www.jnu.ac.in/node/159898390 status=200 duration_ms=195
2026-09-26 15:51:47,832 INFO     FETCH url=https://www.jnu.ac.in/node/159898442 status=200 duration_ms=185
2026-09-26 15:51:49,037 INFO     FETCH url=https://www.jnu.ac.in/node/159898416 status=200 duration_ms=199
2026-09-26 15:51:50,227 INFO     FETCH url=https://www.jnu.ac.in/node/159898439 status=200 duration_ms=184
2026-09-26 15:51:51,431 INFO     FETCH url=https://www.jnu.ac.in/node/159898419 status=200 duration_ms=198
2026-09-26 15:51:51,457 INFO     DETAIL source=jnu_events attempted=5 ok=5 failed=0
2026-09-26 15:51:51,458 INFO     NORMALIZE source=jnu_events records=13 skipped=0
2026-09-26 15:51:51,462 INFO     STORE source=jnu_events new=0 existing=13 changed=0
2026-09-26 15:51:51,463 INFO     END source=jnu_events run_id=c2c10468 status=success duration_ms=6251
2026-09-26 15:51:58,262 INFO     START source=jnu_notices run_id=cc110541 url=https://www.jnu.ac.in/notices capabilities=listing,pagination
2026-09-26 15:51:58,502 INFO     FETCH url=https://www.jnu.ac.in/notices status=200 duration_ms=240
2026-09-26 15:51:58,565 INFO     PARSE source=jnu_notices page=1 url=https://www.jnu.ac.in/notices records=50
2026-09-26 15:51:59,720 INFO     FETCH url=https://www.jnu.ac.in/notices?page=1 status=200 duration_ms=212
2026-09-26 15:51:59,762 INFO     PARSE source=jnu_notices page=2 url=https://www.jnu.ac.in/notices?page=1 records=50
2026-09-26 15:51:59,762 INFO     PAGINATION source=jnu_notices pages=2 records=100 duplicates=0 stop=max_pages
2026-09-26 15:51:59,763 INFO     NORMALIZE source=jnu_notices records=100 skipped=0
2026-09-26 15:51:59,768 INFO     STORE source=jnu_notices new=100 existing=0 changed=0
2026-09-26 15:51:59,769 INFO     END source=jnu_notices run_id=cc110541 status=success duration_ms=1505
2026-09-26 15:51:59,968 INFO     START source=jnu_notices run_id=bfcabcfb url=https://www.jnu.ac.in/notices capabilities=listing,pagination
2026-09-26 15:52:00,267 INFO     FETCH url=https://www.jnu.ac.in/notices status=200 duration_ms=298
2026-09-26 15:52:00,333 INFO     PARSE source=jnu_notices page=1 url=https://www.jnu.ac.in/notices records=50
2026-09-26 15:52:01,498 INFO     FETCH url=https://www.jnu.ac.in/notices?page=1 status=200 duration_ms=225
2026-09-26 15:52:01,540 INFO     PARSE source=jnu_notices page=2 url=https://www.jnu.ac.in/notices?page=1 records=50
2026-09-26 15:52:01,540 INFO     PAGINATION source=jnu_notices pages=2 records=100 duplicates=0 stop=max_pages
2026-09-26 15:52:01,542 INFO     NORMALIZE source=jnu_notices records=100 skipped=0
2026-09-26 15:52:01,546 INFO     STORE source=jnu_notices new=0 existing=100 changed=0
2026-09-26 15:52:01,547 INFO     END source=jnu_notices run_id=bfcabcfb status=success duration_ms=1578
2026-09-26 15:53:39,755 INFO     START source=jnu_events run_id=f688737a url=https://www.jnu.ac.in/jnuevents capabilities=listing,pagination,detail
2026-09-26 15:53:39,965 INFO     FETCH url=https://www.jnu.ac.in/jnuevents status=200 duration_ms=209
2026-09-26 15:53:40,012 INFO     PARSE source=jnu_events page=1 url=https://www.jnu.ac.in/jnuevents records=13
2026-09-26 15:53:40,012 INFO     PAGINATION source=jnu_events pages=1 records=13 duplicates=0 stop=max_pages
2026-09-26 15:53:41,237 INFO     FETCH url=https://www.jnu.ac.in/node/159898390 status=200 duration_ms=267
2026-09-26 15:53:42,441 INFO     FETCH url=https://www.jnu.ac.in/node/159898442 status=200 duration_ms=198
2026-09-26 15:53:43,617 INFO     FETCH url=https://www.jnu.ac.in/node/159898416 status=200 duration_ms=171
2026-09-26 15:53:44,814 INFO     FETCH url=https://www.jnu.ac.in/node/159898439 status=200 duration_ms=191
2026-09-26 15:53:46,023 INFO     FETCH url=https://www.jnu.ac.in/node/159898419 status=200 duration_ms=203
2026-09-26 15:53:46,041 INFO     DETAIL source=jnu_events attempted=5 ok=5 failed=0
2026-09-26 15:53:46,041 INFO     NORMALIZE source=jnu_events records=13 skipped=0
2026-09-26 15:53:46,046 INFO     STORE source=jnu_events new=0 existing=12 changed=1
2026-09-26 15:53:46,047 INFO     END source=jnu_events run_id=f688737a status=success duration_ms=6291
